2026-03-30T17:20:45.415734Z INFO  plot_stack Plotting TVA GIC sites
2026-03-30T17:21:24.032400Z INFO  plot_stack Writing c:\Users\lwilker\Documents\GitHub\SWERVE-2024-05-10\data_processed\summary\_tva\gic_tva.png
2026-03-30T17:21:26.837464Z INFO  plot_stack Writing c:\Users\lwilker\Documents\GitHub\SWERVE-2024-05-10\data_processed\summary\_tva\gic_tva.pdf
2026-03-30T17:21:32.003043Z INFO  plot_stack Writing c:\Users\lwilker\Documents\GitHub\2024-May-Storm-paper\figures\data_processed\summary\_tva\gic_tva.pdf
2026-03-30T17:21:33.099379Z INFO  plot_stack Plotting NERC GIC sites
2026-03-30T17:21:53.814743Z INFO  plot_stack Writing c:\Users\lwilker\Documents\GitHub\SWERVE-2024-05-10\data_processed\summary\_nerc\gic_nerc.png
2026-03-30T17:21:58.591058Z INFO  plot_stack Writing c:\Users\lwilker\Documents\GitHub\SWERVE-2024-05-10\data_processed\summary\_nerc\gic_nerc.pdf
2026-03-30T17:21:59.945254Z INFO  plot_stack Writing c:\Users\lwilker\Documents\GitHub\2024-May-Storm-paper\figures\data_processed\summary\_nerc\gic_nerc.pdf
2026-03-30T17:22:01.404668Z INFO  plot_stack Plotting all dB sites
2026-03-30T17:22:02.808911Z INFO  plot_stack Writing c:\Users\lwilker\Documents\GitHub\SWERVE-2024-05-10\data_processed\summary\_db\db_all.png
2026-03-30T17:22:05.869566Z INFO  plot_stack Writing c:\Users\lwilker\Documents\GitHub\SWERVE-2024-05-10\data_processed\summary\_db\db_all.pdf
2026-03-30T17:22:06.537136Z INFO  plot_stack Writing c:\Users\lwilker\Documents\GitHub\2024-May-Storm-paper\figures\data_processed\summary\_db\db_all.pdf
2026-03-30T17:22:12.437198Z INFO  plot_stack Writing c:\Users\lwilker\Documents\GitHub\SWERVE-2024-05-10\data_processed\summary\_rejected\gic_rejected_1.png
2026-03-30T17:22:15.140457Z INFO  plot_stack Writing c:\Users\lwilker\Documents\GitHub\SWERVE-2024-05-10\data_processed\summary\_rejected\gic_rejected_1.pdf
2026-03-30T17:22:22.964113Z INFO  plot_stack Writing c:\Users\lwilker\Documents\GitHub\SWERVE-2024-05-10\data_processed\summary\_rejected\gic_rejected_2.png
2026-03-30T17:22:27.617982Z INFO  plot_stack Writing c:\Users\lwilker\Documents\GitHub\SWERVE-2024-05-10\data_processed\summary\_rejected\gic_rejected_2.pdf
2026-03-30T17:22:30.582182Z INFO  plot_stack Writing c:\Users\lwilker\Documents\GitHub\SWERVE-2024-05-10\data_processed\summary\_rejected\gic_rejected_3.png
2026-03-30T17:22:33.648604Z INFO  plot_stack Writing c:\Users\lwilker\Documents\GitHub\SWERVE-2024-05-10\data_processed\summary\_rejected\gic_rejected_3.pdf
2026-03-30T17:22:40.016396Z INFO  plot_stack Writing c:\Users\lwilker\Documents\GitHub\SWERVE-2024-05-10\data_processed\summary\_rejected\gic_rejected_4.png
2026-03-30T17:22:42.803287Z INFO  plot_stack Writing c:\Users\lwilker\Documents\GitHub\SWERVE-2024-05-10\data_processed\summary\_rejected\gic_rejected_4.pdf
2026-03-30T17:22:52.139303Z INFO  plot_stack Writing c:\Users\lwilker\Documents\GitHub\SWERVE-2024-05-10\data_processed\summary\_rejected\gic_rejected_5.png
2026-03-30T17:22:55.035207Z INFO  plot_stack Writing c:\Users\lwilker\Documents\GitHub\SWERVE-2024-05-10\data_processed\summary\_rejected\gic_rejected_5.pdf
2026-03-30T17:23:01.123608Z INFO  plot_stack Writing c:\Users\lwilker\Documents\GitHub\SWERVE-2024-05-10\data_processed\summary\_rejected\gic_rejected_6.png
2026-03-30T17:23:03.746769Z INFO  plot_stack Writing c:\Users\lwilker\Documents\GitHub\SWERVE-2024-05-10\data_processed\summary\_rejected\gic_rejected_6.pdf
2026-03-30T17:23:14.105736Z INFO  plot_stack Writing c:\Users\lwilker\Documents\GitHub\SWERVE-2024-05-10\data_processed\summary\_rejected\gic_rejected_7.png
2026-03-30T17:23:17.268223Z INFO  plot_stack Writing c:\Users\lwilker\Documents\GitHub\SWERVE-2024-05-10\data_processed\summary\_rejected\gic_rejected_7.pdf
2026-03-30T17:23:27.750613Z INFO  plot_stack Writing c:\Users\lwilker\Documents\GitHub\SWERVE-2024-05-10\data_processed\summary\_rejected\gic_rejected_8.png
2026-03-30T17:23:30.971751Z INFO  plot_stack Writing c:\Users\lwilker\Documents\GitHub\SWERVE-2024-05-10\data_processed\summary\_rejected\gic_rejected_8.pdf
2026-03-30T17:23:51.565650Z INFO  plot_stack Writing c:\Users\lwilker\Documents\GitHub\SWERVE-2024-05-10\data_processed\summary\_rejected\gic_rejected_9.png
2026-03-30T17:23:55.248195Z INFO  plot_stack Writing c:\Users\lwilker\Documents\GitHub\SWERVE-2024-05-10\data_processed\summary\_rejected\gic_rejected_9.pdf
2026-03-30T17:24:15.248607Z INFO  plot_stack Writing c:\Users\lwilker\Documents\GitHub\SWERVE-2024-05-10\data_processed\summary\_rejected\gic_rejected_10.png
2026-03-30T17:24:19.200764Z INFO  plot_stack Writing c:\Users\lwilker\Documents\GitHub\SWERVE-2024-05-10\data_processed\summary\_rejected\gic_rejected_10.pdf
2026-03-30T17:24:22.997014Z INFO  plot_stack Writing c:\Users\lwilker\Documents\GitHub\SWERVE-2024-05-10\data_processed\summary\_rejected\gic_rejected_11.png
2026-03-30T17:24:25.861826Z INFO  plot_stack Writing c:\Users\lwilker\Documents\GitHub\SWERVE-2024-05-10\data_processed\summary\_rejected\gic_rejected_11.pdf
2026-03-30T17:24:28.051465Z INFO  plot_stack Writing c:\Users\lwilker\Documents\GitHub\SWERVE-2024-05-10\data_processed\summary\_rejected\gic_rejected_12.png
2026-03-30T17:24:30.873882Z INFO  plot_stack Writing c:\Users\lwilker\Documents\GitHub\SWERVE-2024-05-10\data_processed\summary\_rejected\gic_rejected_12.pdf
2026-03-30T17:24:32.879201Z INFO  plot_stack Writing c:\Users\lwilker\Documents\GitHub\SWERVE-2024-05-10\data_processed\summary\_rejected\gic_rejected_13.png
2026-03-30T17:24:35.443990Z INFO  plot_stack Writing c:\Users\lwilker\Documents\GitHub\SWERVE-2024-05-10\data_processed\summary\_rejected\gic_rejected_13.pdf
2026-03-30T17:24:38.121695Z INFO  plot_stack Writing c:\Users\lwilker\Documents\GitHub\SWERVE-2024-05-10\data_processed\summary\_rejected\gic_rejected_14.png
2026-03-30T17:24:40.540104Z INFO  plot_stack Writing c:\Users\lwilker\Documents\GitHub\SWERVE-2024-05-10\data_processed\summary\_rejected\gic_rejected_14.pdf
2026-03-30T17:24:46.129394Z INFO  plot_stack Writing c:\Users\lwilker\Documents\GitHub\SWERVE-2024-05-10\data_processed\summary\_rejected\gic_rejected_15.png
2026-03-30T17:24:48.757110Z INFO  plot_stack Writing c:\Users\lwilker\Documents\GitHub\SWERVE-2024-05-10\data_processed\summary\_rejected\gic_rejected_15.pdf
