2025-10-28T15:27:06.254015Z INFO  utilrsw.logger Reading C:\Users\lwilker\Documents\GitHub\SWERVE-common\shape\Electric__Power_Transmission_Lines\Electric__Power_Transmission_Lines.shp
2025-10-28T15:27:09.924637Z INFO  utilrsw.logger Voltage: 3.0 kV, # Lines: 2; Total Length: 6.27 km
2025-10-28T15:27:09.924637Z INFO  utilrsw.logger Voltage: 7.5 kV, # Lines: 1; Total Length: 14.15 km
2025-10-28T15:27:09.927655Z INFO  utilrsw.logger Voltage: 13.8 kV, # Lines: 13; Total Length: 1.94 km
2025-10-28T15:27:09.927655Z INFO  utilrsw.logger Voltage: 23.0 kV, # Lines: 1; Total Length: 3.68 km
2025-10-28T15:27:09.930171Z INFO  utilrsw.logger Voltage: 24.9 kV, # Lines: 1; Total Length: 0.62 km
2025-10-28T15:27:09.930171Z INFO  utilrsw.logger Voltage: 25.0 kV, # Lines: 1; Total Length: 0.95 km
2025-10-28T15:27:09.930171Z INFO  utilrsw.logger Voltage: 33.0 kV, # Lines: 53; Total Length: 638.90 km
2025-10-28T15:27:09.930171Z INFO  utilrsw.logger Voltage: 34.0 kV, # Lines: 24; Total Length: 96.44 km
2025-10-28T15:27:09.934314Z INFO  utilrsw.logger Voltage: 34.5 kV, # Lines: 420; Total Length: 3438.72 km
2025-10-28T15:27:09.935560Z INFO  utilrsw.logger Voltage: 35.0 kV, # Lines: 1; Total Length: 24.04 km
2025-10-28T15:27:09.935560Z INFO  utilrsw.logger Voltage: 38.0 kV, # Lines: 39; Total Length: 193.14 km
2025-10-28T15:27:09.936649Z INFO  utilrsw.logger Voltage: 40.0 kV, # Lines: 9; Total Length: 27.20 km
2025-10-28T15:27:09.938464Z INFO  utilrsw.logger Voltage: 41.6 kV, # Lines: 372; Total Length: 4903.42 km
2025-10-28T15:27:09.938464Z INFO  utilrsw.logger Voltage: 41.8 kV, # Lines: 15; Total Length: 263.85 km
2025-10-28T15:27:09.940364Z INFO  utilrsw.logger Voltage: 43.8 kV, # Lines: 1; Total Length: 0.03 km
2025-10-28T15:27:09.941550Z INFO  utilrsw.logger Voltage: 45.0 kV, # Lines: 1; Total Length: 0.67 km
2025-10-28T15:27:09.944252Z INFO  utilrsw.logger Voltage: 46.0 kV, # Lines: 750; Total Length: 6720.42 km
2025-10-28T15:27:09.945651Z INFO  utilrsw.logger Voltage: 49.0 kV, # Lines: 1; Total Length: 0.34 km
2025-10-28T15:27:09.946660Z INFO  utilrsw.logger Voltage: 50.0 kV, # Lines: 3; Total Length: 23.41 km
2025-10-28T15:27:09.947658Z INFO  utilrsw.logger Voltage: 53.0 kV, # Lines: 1; Total Length: 14.61 km
2025-10-28T15:27:09.948166Z INFO  utilrsw.logger Voltage: 55.0 kV, # Lines: 11; Total Length: 263.59 km
2025-10-28T15:27:09.948677Z INFO  utilrsw.logger Voltage: 57.0 kV, # Lines: 64; Total Length: 343.24 km
2025-10-28T15:27:09.950179Z INFO  utilrsw.logger Voltage: 57.1 kV, # Lines: 20; Total Length: 210.62 km
2025-10-28T15:27:09.950179Z INFO  utilrsw.logger Voltage: 60.0 kV, # Lines: 1199; Total Length: 9646.50 km
2025-10-28T15:27:09.953420Z INFO  utilrsw.logger Voltage: 66.0 kV, # Lines: 1080; Total Length: 6446.02 km
2025-10-28T15:27:09.960896Z INFO  utilrsw.logger Voltage: 69.0 kV, # Lines: 22936; Total Length: 186360.14 km
2025-10-28T15:27:09.966136Z INFO  utilrsw.logger Voltage: 70.0 kV, # Lines: 115; Total Length: 1138.37 km
2025-10-28T15:27:09.967144Z INFO  utilrsw.logger Voltage: 72.0 kV, # Lines: 1; Total Length: 0.71 km
2025-10-28T15:27:09.968526Z INFO  utilrsw.logger Voltage: 88.0 kV, # Lines: 1; Total Length: 6.81 km
2025-10-28T15:27:09.969769Z INFO  utilrsw.logger Voltage: 89.0 kV, # Lines: 6; Total Length: 28.56 km
2025-10-28T15:27:09.970772Z INFO  utilrsw.logger Voltage: 92.0 kV, # Lines: 79; Total Length: 762.98 km
2025-10-28T15:27:09.972048Z INFO  utilrsw.logger Voltage: 100.0 kV, # Lines: 1923; Total Length: 11492.47 km
2025-10-28T15:27:09.973061Z INFO  utilrsw.logger Voltage: 110.0 kV, # Lines: 15; Total Length: 176.18 km
2025-10-28T15:27:09.974056Z INFO  utilrsw.logger Voltage: 114.0 kV, # Lines: 1; Total Length: 0.03 km
2025-10-28T15:27:09.983396Z INFO  utilrsw.logger Voltage: 115.0 kV, # Lines: 21245; Total Length: 201825.92 km
2025-10-28T15:27:09.987049Z INFO  utilrsw.logger Voltage: 120.0 kV, # Lines: 425; Total Length: 5547.61 km
2025-10-28T15:27:09.988048Z INFO  utilrsw.logger Voltage: 128.0 kV, # Lines: 9; Total Length: 90.03 km
2025-10-28T15:27:09.989041Z INFO  utilrsw.logger Voltage: 130.0 kV, # Lines: 12; Total Length: 73.37 km
2025-10-28T15:27:09.990901Z INFO  utilrsw.logger Voltage: 132.0 kV, # Lines: 30; Total Length: 167.45 km
2025-10-28T15:27:09.991910Z INFO  utilrsw.logger Voltage: 134.0 kV, # Lines: 1; Total Length: 2.48 km
2025-10-28T15:27:09.995359Z INFO  utilrsw.logger Voltage: 135.0 kV, # Lines: 3; Total Length: 4.93 km
2025-10-28T15:27:09.999880Z INFO  utilrsw.logger Voltage: 138.0 kV, # Lines: 14047; Total Length: 156901.10 km
2025-10-28T15:27:10.008697Z INFO  utilrsw.logger Voltage: 161.0 kV, # Lines: 4537; Total Length: 61598.51 km
2025-10-28T15:27:10.010698Z INFO  utilrsw.logger Voltage: 167.0 kV, # Lines: 1; Total Length: 7.36 km
2025-10-28T15:27:10.010698Z INFO  utilrsw.logger Voltage: 169.0 kV, # Lines: 1; Total Length: 1.62 km
2025-10-28T15:27:10.010698Z INFO  utilrsw.logger Voltage: 200.0 kV, # Lines: 1; Total Length: 96.84 km
2025-10-28T15:27:10.014823Z INFO  utilrsw.logger Voltage: 218.0 kV, # Lines: 1; Total Length: 29.24 km
2025-10-28T15:27:10.015833Z INFO  utilrsw.logger Voltage: 220.0 kV, # Lines: 35; Total Length: 1903.72 km
2025-10-28T15:27:10.018828Z INFO  utilrsw.logger Voltage: 230.0 kV, # Lines: 7178; Total Length: 161014.21 km
2025-10-28T15:27:10.021179Z INFO  utilrsw.logger Voltage: 232.0 kV, # Lines: 2; Total Length: 0.33 km
2025-10-28T15:27:10.022616Z INFO  utilrsw.logger Voltage: 236.0 kV, # Lines: 2; Total Length: 11.45 km
2025-10-28T15:27:10.026895Z INFO  utilrsw.logger Voltage: 238.0 kV, # Lines: 2; Total Length: 42.67 km
2025-10-28T15:27:10.028759Z INFO  utilrsw.logger Voltage: 240.0 kV, # Lines: 4; Total Length: 1.95 km
2025-10-28T15:27:10.029769Z INFO  utilrsw.logger Voltage: 245.0 kV, # Lines: 1; Total Length: 0.54 km
2025-10-28T15:27:10.030770Z INFO  utilrsw.logger Voltage: 250.0 kV, # Lines: 1; Total Length: 1048.45 km
2025-10-28T15:27:10.031875Z INFO  utilrsw.logger Voltage: 273.0 kV, # Lines: 2; Total Length: 13.18 km
2025-10-28T15:27:10.032881Z INFO  utilrsw.logger Voltage: 275.0 kV, # Lines: 3; Total Length: 7.32 km
2025-10-28T15:27:10.033883Z INFO  utilrsw.logger Voltage: 287.0 kV, # Lines: 3; Total Length: 795.47 km
2025-10-28T15:27:10.036886Z INFO  utilrsw.logger Voltage: 345.0 kV, # Lines: 2586; Total Length: 121156.20 km
2025-10-28T15:27:10.038889Z INFO  utilrsw.logger Voltage: 348.0 kV, # Lines: 4; Total Length: 0.85 km
2025-10-28T15:27:10.041454Z INFO  utilrsw.logger Voltage: 400.0 kV, # Lines: 1; Total Length: 936.84 km
2025-10-28T15:27:10.043457Z INFO  utilrsw.logger Voltage: 450.0 kV, # Lines: 2; Total Length: 424.17 km
2025-10-28T15:27:10.045877Z INFO  utilrsw.logger Voltage: 500.0 kV, # Lines: 808; Total Length: 53850.74 km
2025-10-28T15:27:10.047706Z INFO  utilrsw.logger Voltage: 765.0 kV, # Lines: 46; Total Length: 4489.06 km
2025-10-28T15:27:10.050299Z INFO  utilrsw.logger Voltage: 1000.0 kV, # Lines: 1; Total Length: 1422.88 km
2025-10-28T15:27:14.870062Z INFO  utilrsw.logger Writing C:\Users\lwilker\Documents\GitHub\SWERVE-2024-05-10\_results\trans_lines_count.png
2025-10-28T15:27:15.606947Z INFO  utilrsw.logger Writing C:\Users\lwilker\Documents\GitHub\SWERVE-2024-05-10\_results\trans_lines_count.pdf
2025-10-28T15:27:17.510993Z INFO  utilrsw.logger Writing C:\Users\lwilker\Documents\GitHub\SWERVE-2024-05-10\_results\trans_lines_length.png
2025-10-28T15:27:18.212397Z INFO  utilrsw.logger Writing C:\Users\lwilker\Documents\GitHub\SWERVE-2024-05-10\_results\trans_lines_length.pdf
