2026-01-20T15:32:50.816159Z INFO  utilrsw.logger   Reading gic_std and gic_maxabs from C:\Users\lwilker\Documents\GitHub\SWERVE-2024-05-10\_results\regression\gic_stats_automated_error.pkl
2026-01-20T15:32:50.826870Z INFO  utilrsw.logger output = gic_max
2026-01-20T15:32:50.826870Z INFO  utilrsw.logger inputs = ['alpha']
2026-01-20T15:32:50.914171Z INFO  utilrsw.logger   Equation: gic_max = +75.8 alpha +5.03
2026-01-20T15:32:50.922472Z INFO  utilrsw.logger   rmse = 17.1170
2026-01-20T15:32:50.923850Z INFO  utilrsw.logger   r = 0.4424
2026-01-20T15:32:50.923850Z INFO  utilrsw.logger   r_2se = 0.1726
2026-01-20T15:32:50.926127Z INFO  utilrsw.logger   r_ci_lower = 0.0905
2026-01-20T15:32:50.926510Z INFO  utilrsw.logger   r_ci_upper = 0.6960
2026-01-20T15:32:50.926510Z INFO  utilrsw.logger   r_2se_boot = 0.2524
2026-01-20T15:32:50.927667Z INFO  utilrsw.logger   aic = 251.0225
2026-01-20T15:32:50.927667Z INFO  utilrsw.logger   bic = 253.7571
2026-01-20T15:32:50.927667Z INFO  utilrsw.logger   p-value for alpha = 1.6270e-02
2026-01-20T15:32:51.494699Z INFO  utilrsw.logger Writing C:\Users\lwilker\Documents\GitHub\SWERVE-2024-05-10\_results\regression\line_fit_alpha_gic_max_automated_error.png
2026-01-20T15:32:52.308580Z INFO  utilrsw.logger Writing C:\Users\lwilker\Documents\GitHub\SWERVE-2024-05-10\_results\regression\line_fit_alpha_gic_max_automated_error.pdf
2026-01-20T15:32:53.238271Z INFO  utilrsw.logger Writing C:\Users\lwilker\Documents\GitHub\SWERVE-2024-05-10\_results\regression\scatter_fit_alpha_gic_max_automated_error.png
2026-01-20T15:32:53.973221Z INFO  utilrsw.logger Writing C:\Users\lwilker\Documents\GitHub\SWERVE-2024-05-10\_results\regression\scatter_fit_alpha_gic_max_automated_error.pdf
2026-01-20T15:32:54.298193Z INFO  utilrsw.logger output = gic_max
2026-01-20T15:32:54.298193Z INFO  utilrsw.logger inputs = ['interpolated_beta']
2026-01-20T15:32:54.402533Z INFO  utilrsw.logger   Equation: gic_max = +18.2 interpolated_beta +2.44
2026-01-20T15:32:54.402533Z INFO  utilrsw.logger   rmse = 13.8895
2026-01-20T15:32:54.402533Z INFO  utilrsw.logger   r = 0.6859
2026-01-20T15:32:54.402533Z INFO  utilrsw.logger   r_2se = 0.1401
2026-01-20T15:32:54.402533Z INFO  utilrsw.logger   r_ci_lower = 0.4266
2026-01-20T15:32:54.402533Z INFO  utilrsw.logger   r_ci_upper = 0.8410
2026-01-20T15:32:54.402533Z INFO  utilrsw.logger   r_2se_boot = 0.2608
2026-01-20T15:32:54.402533Z INFO  utilrsw.logger   aic = 238.9041
2026-01-20T15:32:54.402533Z INFO  utilrsw.logger   bic = 241.6387
2026-01-20T15:32:54.410062Z INFO  utilrsw.logger   p-value for interpolated_beta = 4.0159e-05
2026-01-20T15:32:54.764919Z INFO  utilrsw.logger Writing C:\Users\lwilker\Documents\GitHub\SWERVE-2024-05-10\_results\regression\line_fit_interpolated_beta_gic_max_automated_error.png
2026-01-20T15:32:55.550435Z INFO  utilrsw.logger Writing C:\Users\lwilker\Documents\GitHub\SWERVE-2024-05-10\_results\regression\line_fit_interpolated_beta_gic_max_automated_error.pdf
2026-01-20T15:32:56.254479Z INFO  utilrsw.logger Writing C:\Users\lwilker\Documents\GitHub\SWERVE-2024-05-10\_results\regression\scatter_fit_interpolated_beta_gic_max_automated_error.png
2026-01-20T15:32:56.988394Z INFO  utilrsw.logger Writing C:\Users\lwilker\Documents\GitHub\SWERVE-2024-05-10\_results\regression\scatter_fit_interpolated_beta_gic_max_automated_error.pdf
2026-01-20T15:32:57.337733Z INFO  utilrsw.logger output = gic_max
2026-01-20T15:32:57.337733Z INFO  utilrsw.logger inputs = ['alpha*interpolated_beta']
2026-01-20T15:32:57.435222Z INFO  utilrsw.logger   Equation: gic_max = +51.7 alpha*interpolated_beta +8.29
2026-01-20T15:32:57.435222Z INFO  utilrsw.logger   rmse = 12.6200
2026-01-20T15:32:57.437018Z INFO  utilrsw.logger   r = 0.7502
2026-01-20T15:32:57.437018Z INFO  utilrsw.logger   r_2se = 0.1273
2026-01-20T15:32:57.438057Z INFO  utilrsw.logger   r_ci_lower = 0.5292
2026-01-20T15:32:57.438057Z INFO  utilrsw.logger   r_ci_upper = 0.8759
2026-01-20T15:32:57.438609Z INFO  utilrsw.logger   r_2se_boot = 0.2031
2026-01-20T15:32:57.438609Z INFO  utilrsw.logger   aic = 233.3450
2026-01-20T15:32:57.440181Z INFO  utilrsw.logger   bic = 236.0796
2026-01-20T15:32:57.440181Z INFO  utilrsw.logger   p-value for alpha*interpolated_beta = 2.7894e-06
2026-01-20T15:32:57.687824Z INFO  utilrsw.logger Writing C:\Users\lwilker\Documents\GitHub\SWERVE-2024-05-10\_results\regression\line_fit_alpha_interpolated_beta_gic_max_automated_error.png
2026-01-20T15:32:58.550757Z INFO  utilrsw.logger Writing C:\Users\lwilker\Documents\GitHub\SWERVE-2024-05-10\_results\regression\line_fit_alpha_interpolated_beta_gic_max_automated_error.pdf
2026-01-20T15:32:59.433826Z INFO  utilrsw.logger Writing C:\Users\lwilker\Documents\GitHub\SWERVE-2024-05-10\_results\regression\scatter_fit_alpha_interpolated_beta_gic_max_automated_error.png
2026-01-20T15:33:00.300345Z INFO  utilrsw.logger Writing C:\Users\lwilker\Documents\GitHub\SWERVE-2024-05-10\_results\regression\scatter_fit_alpha_interpolated_beta_gic_max_automated_error.pdf
2026-01-20T15:33:00.650893Z INFO  utilrsw.logger output = gic_max
2026-01-20T15:33:00.650893Z INFO  utilrsw.logger inputs = ['alpha', 'interpolated_beta']
2026-01-20T15:33:00.763754Z INFO  utilrsw.logger   Equation: gic_max = +49.2 alpha+16.3 interpolated_beta -6.84
2026-01-20T15:33:00.765498Z INFO  utilrsw.logger   rmse = 12.8389
2026-01-20T15:33:00.765498Z INFO  utilrsw.logger   r = 0.7399
2026-01-20T15:33:00.766364Z INFO  utilrsw.logger   r_2se = 0.1295
2026-01-20T15:33:00.766364Z INFO  utilrsw.logger   r_ci_lower = 0.5124
2026-01-20T15:33:00.766364Z INFO  utilrsw.logger   r_ci_upper = 0.8704
2026-01-20T15:33:00.766364Z INFO  utilrsw.logger   r_2se_boot = 0.2059
2026-01-20T15:33:00.766364Z INFO  utilrsw.logger   aic = 236.3421
2026-01-20T15:33:00.766364Z INFO  utilrsw.logger   bic = 240.4440
2026-01-20T15:33:00.766364Z INFO  utilrsw.logger   p-value for alpha = 4.5145e-02
2026-01-20T15:33:00.766364Z INFO  utilrsw.logger   p-value for interpolated_beta = 1.2714e-04
2026-01-20T15:33:00.766364Z WARN  utilrsw.logger   Skipping line plot because more than one input.
2026-01-20T15:33:01.144370Z INFO  utilrsw.logger Writing C:\Users\lwilker\Documents\GitHub\SWERVE-2024-05-10\_results\regression\scatter_fit_alpha_gic_max_automated_error.png
2026-01-20T15:33:01.982402Z INFO  utilrsw.logger Writing C:\Users\lwilker\Documents\GitHub\SWERVE-2024-05-10\_results\regression\scatter_fit_alpha_gic_max_automated_error.pdf
2026-01-20T15:33:02.332816Z INFO  utilrsw.logger output = gic_max
2026-01-20T15:33:02.332816Z INFO  utilrsw.logger inputs = ['alpha', 'alpha*interpolated_beta']
2026-01-20T15:33:02.471378Z INFO  utilrsw.logger   Equation: gic_max = +1.06 alpha+51.5 alpha*interpolated_beta +8.11
2026-01-20T15:33:02.486804Z INFO  utilrsw.logger   rmse = 12.6197
2026-01-20T15:33:02.486804Z INFO  utilrsw.logger   r = 0.7502
2026-01-20T15:33:02.486804Z INFO  utilrsw.logger   r_2se = 0.1272
2026-01-20T15:33:02.487765Z INFO  utilrsw.logger   r_ci_lower = 0.5292
2026-01-20T15:33:02.487765Z INFO  utilrsw.logger   r_ci_upper = 0.8759
2026-01-20T15:33:02.487765Z INFO  utilrsw.logger   r_2se_boot = 0.1909
2026-01-20T15:33:02.487765Z INFO  utilrsw.logger   aic = 235.3433
2026-01-20T15:33:02.488825Z INFO  utilrsw.logger   bic = 239.4452
2026-01-20T15:33:02.488825Z INFO  utilrsw.logger   p-value for alpha = 9.6930e-01
2026-01-20T15:33:02.488825Z INFO  utilrsw.logger   p-value for alpha*interpolated_beta = 7.9765e-05
2026-01-20T15:33:02.488825Z WARN  utilrsw.logger   Skipping line plot because more than one input.
2026-01-20T15:33:02.849018Z INFO  utilrsw.logger Writing C:\Users\lwilker\Documents\GitHub\SWERVE-2024-05-10\_results\regression\scatter_fit_alpha_gic_max_automated_error.png
2026-01-20T15:33:03.892919Z INFO  utilrsw.logger Writing C:\Users\lwilker\Documents\GitHub\SWERVE-2024-05-10\_results\regression\scatter_fit_alpha_gic_max_automated_error.pdf
2026-01-20T15:33:04.266296Z INFO  utilrsw.logger output = gic_max
2026-01-20T15:33:04.266296Z INFO  utilrsw.logger inputs = ['interpolated_beta', 'alpha*interpolated_beta']
2026-01-20T15:33:04.386873Z INFO  utilrsw.logger   Equation: gic_max = +2.8 interpolated_beta+45.3 alpha*interpolated_beta +6.97
2026-01-20T15:33:04.386873Z INFO  utilrsw.logger   rmse = 12.5850
2026-01-20T15:33:04.386873Z INFO  utilrsw.logger   r = 0.7518
2026-01-20T15:33:04.386873Z INFO  utilrsw.logger   r_2se = 0.1269
2026-01-20T15:33:04.386873Z INFO  utilrsw.logger   r_ci_lower = 0.5318
2026-01-20T15:33:04.386873Z INFO  utilrsw.logger   r_ci_upper = 0.8767
2026-01-20T15:33:04.386873Z INFO  utilrsw.logger   r_2se_boot = 0.2127
2026-01-20T15:33:04.386873Z INFO  utilrsw.logger   aic = 235.1838
2026-01-20T15:33:04.386873Z INFO  utilrsw.logger   bic = 239.2857
2026-01-20T15:33:04.386873Z INFO  utilrsw.logger   p-value for interpolated_beta = 7.0650e-01
2026-01-20T15:33:04.386873Z INFO  utilrsw.logger   p-value for alpha*interpolated_beta = 2.4875e-02
2026-01-20T15:33:04.402417Z WARN  utilrsw.logger   Skipping line plot because more than one input.
2026-01-20T15:33:04.834414Z INFO  utilrsw.logger Writing C:\Users\lwilker\Documents\GitHub\SWERVE-2024-05-10\_results\regression\scatter_fit_interpolated_beta_gic_max_automated_error.png
2026-01-20T15:33:05.775670Z INFO  utilrsw.logger Writing C:\Users\lwilker\Documents\GitHub\SWERVE-2024-05-10\_results\regression\scatter_fit_interpolated_beta_gic_max_automated_error.pdf
2026-01-20T15:33:06.245336Z INFO  utilrsw.logger output = gic_max
2026-01-20T15:33:06.245336Z INFO  utilrsw.logger inputs = ['alpha', 'interpolated_beta', 'alpha*interpolated_beta']
2026-01-20T15:33:06.368906Z INFO  utilrsw.logger   Equation: gic_max = +15.8 alpha+5.73 interpolated_beta+34.9 alpha*interpolated_beta +2.95
2026-01-20T15:33:06.377480Z INFO  utilrsw.logger   rmse = 12.5426
2026-01-20T15:33:06.377480Z INFO  utilrsw.logger   r = 0.7537
2026-01-20T15:33:06.377480Z INFO  utilrsw.logger   r_2se = 0.1265
2026-01-20T15:33:06.377480Z INFO  utilrsw.logger   r_ci_lower = 0.5350
2026-01-20T15:33:06.377480Z INFO  utilrsw.logger   r_ci_upper = 0.8778
2026-01-20T15:33:06.377480Z INFO  utilrsw.logger   r_2se_boot = 0.2120
2026-01-20T15:33:06.377480Z INFO  utilrsw.logger   aic = 236.9881
2026-01-20T15:33:06.377480Z INFO  utilrsw.logger   bic = 242.4573
2026-01-20T15:33:06.377480Z INFO  utilrsw.logger   p-value for alpha = 6.8429e-01
2026-01-20T15:33:06.377480Z INFO  utilrsw.logger   p-value for interpolated_beta = 5.8379e-01
2026-01-20T15:33:06.377480Z INFO  utilrsw.logger   p-value for alpha*interpolated_beta = 2.8476e-01
2026-01-20T15:33:06.377480Z WARN  utilrsw.logger   Skipping line plot because more than one input.
2026-01-20T15:33:06.834089Z INFO  utilrsw.logger Writing C:\Users\lwilker\Documents\GitHub\SWERVE-2024-05-10\_results\regression\scatter_fit_alpha_gic_max_automated_error.png
2026-01-20T15:33:07.698699Z INFO  utilrsw.logger Writing C:\Users\lwilker\Documents\GitHub\SWERVE-2024-05-10\_results\regression\scatter_fit_alpha_gic_max_automated_error.pdf
2026-01-20T15:33:08.083041Z INFO  utilrsw.logger Running Fisher-z hyp. test on equality of rs for models:
2026-01-20T15:33:08.083041Z INFO  utilrsw.logger   r = 0.44; AIC = 251.02246503363583; inputs = ['alpha'] 
2026-01-20T15:33:08.083041Z INFO  utilrsw.logger   vs
2026-01-20T15:33:08.083041Z INFO  utilrsw.logger   r = 0.69; AIC = 238.90413703386974; inputs = ['interpolated_beta'] 
2026-01-20T15:33:08.083041Z INFO  utilrsw.logger   z = -1.3158
2026-01-20T15:33:08.083041Z INFO  utilrsw.logger   p = 0.1882 (two-tailed)
2026-01-20T15:33:08.083041Z INFO  utilrsw.logger   Do not reject null with alpha = 0.05
2026-01-20T15:33:08.092636Z INFO  utilrsw.logger Running Fisher-z hyp. test on equality of rs for models:
2026-01-20T15:33:08.092636Z INFO  utilrsw.logger   r = 0.44; AIC = 251.02246503363583; inputs = ['alpha'] 
2026-01-20T15:33:08.092636Z INFO  utilrsw.logger   vs
2026-01-20T15:33:08.092636Z INFO  utilrsw.logger   r = 0.75; AIC = 233.34500715117005; inputs = ['alpha*interpolated_beta'] 
2026-01-20T15:33:08.092636Z INFO  utilrsw.logger   z = -1.7964
2026-01-20T15:33:08.092636Z INFO  utilrsw.logger   p = 0.0724 (two-tailed)
2026-01-20T15:33:08.095510Z INFO  utilrsw.logger   Do not reject null with alpha = 0.05
2026-01-20T15:33:08.095510Z INFO  utilrsw.logger Running Fisher-z hyp. test on equality of rs for models:
2026-01-20T15:33:08.095510Z INFO  utilrsw.logger   r = 0.44; AIC = 251.02246503363583; inputs = ['alpha'] 
2026-01-20T15:33:08.095510Z INFO  utilrsw.logger   vs
2026-01-20T15:33:08.095510Z INFO  utilrsw.logger   r = 0.74; AIC = 236.34213358872515; inputs = ['alpha, interpolated_beta'] 
2026-01-20T15:33:08.095510Z INFO  utilrsw.logger   z = -1.7132
2026-01-20T15:33:08.095510Z INFO  utilrsw.logger   p = 0.0867 (two-tailed)
2026-01-20T15:33:08.099726Z INFO  utilrsw.logger   Do not reject null with alpha = 0.05
2026-01-20T15:33:08.102290Z INFO  utilrsw.logger Running Fisher-z hyp. test on equality of rs for models:
2026-01-20T15:33:08.102795Z INFO  utilrsw.logger   r = 0.44; AIC = 251.02246503363583; inputs = ['alpha'] 
2026-01-20T15:33:08.102795Z INFO  utilrsw.logger   vs
2026-01-20T15:33:08.102795Z INFO  utilrsw.logger   r = 0.75; AIC = 235.3433226145722; inputs = ['alpha, alpha*interpolated_beta'] 
2026-01-20T15:33:08.102795Z INFO  utilrsw.logger   z = -1.7965
2026-01-20T15:33:08.102795Z INFO  utilrsw.logger   p = 0.0724 (two-tailed)
2026-01-20T15:33:08.102795Z INFO  utilrsw.logger   Do not reject null with alpha = 0.05
2026-01-20T15:33:08.107053Z INFO  utilrsw.logger Running Fisher-z hyp. test on equality of rs for models:
2026-01-20T15:33:08.108075Z INFO  utilrsw.logger   r = 0.44; AIC = 251.02246503363583; inputs = ['alpha'] 
2026-01-20T15:33:08.108075Z INFO  utilrsw.logger   vs
2026-01-20T15:33:08.108075Z INFO  utilrsw.logger   r = 0.75; AIC = 235.1837803454335; inputs = ['interpolated_beta, alpha*interpolated_beta'] 
2026-01-20T15:33:08.108075Z INFO  utilrsw.logger   z = -1.8097
2026-01-20T15:33:08.109533Z INFO  utilrsw.logger   p = 0.0703 (two-tailed)
2026-01-20T15:33:08.109533Z INFO  utilrsw.logger   Do not reject null with alpha = 0.05
2026-01-20T15:33:08.110183Z INFO  utilrsw.logger Running Fisher-z hyp. test on equality of rs for models:
2026-01-20T15:33:08.110183Z INFO  utilrsw.logger   r = 0.44; AIC = 251.02246503363583; inputs = ['alpha'] 
2026-01-20T15:33:08.110183Z INFO  utilrsw.logger   vs
2026-01-20T15:33:08.110183Z INFO  utilrsw.logger   r = 0.75; AIC = 236.98812386451866; inputs = ['alpha, interpolated_beta, alpha*interpolated_beta'] 
2026-01-20T15:33:08.110183Z INFO  utilrsw.logger   z = -1.8259
2026-01-20T15:33:08.110183Z INFO  utilrsw.logger   p = 0.0679 (two-tailed)
2026-01-20T15:33:08.110183Z INFO  utilrsw.logger   Do not reject null with alpha = 0.05
2026-01-20T15:33:08.110183Z INFO  utilrsw.logger Running Fisher-z hyp. test on equality of rs for models:
2026-01-20T15:33:08.110183Z INFO  utilrsw.logger   r = 0.69; AIC = 238.90413703386974; inputs = ['interpolated_beta'] 
2026-01-20T15:33:08.115682Z INFO  utilrsw.logger   vs
2026-01-20T15:33:08.116387Z INFO  utilrsw.logger   r = 0.75; AIC = 233.34500715117005; inputs = ['alpha*interpolated_beta'] 
2026-01-20T15:33:08.116387Z INFO  utilrsw.logger   z = -0.4806
2026-01-20T15:33:08.117789Z INFO  utilrsw.logger   p = 0.6308 (two-tailed)
2026-01-20T15:33:08.117789Z INFO  utilrsw.logger   Do not reject null with alpha = 0.05
2026-01-20T15:33:08.123016Z INFO  utilrsw.logger Running Fisher-z hyp. test on equality of rs for models:
2026-01-20T15:33:08.123016Z INFO  utilrsw.logger   r = 0.69; AIC = 238.90413703386974; inputs = ['interpolated_beta'] 
2026-01-20T15:33:08.124029Z INFO  utilrsw.logger   vs
2026-01-20T15:33:08.124029Z INFO  utilrsw.logger   r = 0.74; AIC = 236.34213358872515; inputs = ['alpha, interpolated_beta'] 
2026-01-20T15:33:08.124029Z INFO  utilrsw.logger   z = -0.3974
2026-01-20T15:33:08.124029Z INFO  utilrsw.logger   p = 0.6911 (two-tailed)
2026-01-20T15:33:08.124029Z INFO  utilrsw.logger   Do not reject null with alpha = 0.05
2026-01-20T15:33:08.124029Z INFO  utilrsw.logger Running Fisher-z hyp. test on equality of rs for models:
2026-01-20T15:33:08.124029Z INFO  utilrsw.logger   r = 0.69; AIC = 238.90413703386974; inputs = ['interpolated_beta'] 
2026-01-20T15:33:08.124029Z INFO  utilrsw.logger   vs
2026-01-20T15:33:08.124029Z INFO  utilrsw.logger   r = 0.75; AIC = 235.3433226145722; inputs = ['alpha, alpha*interpolated_beta'] 
2026-01-20T15:33:08.124029Z INFO  utilrsw.logger   z = -0.4807
2026-01-20T15:33:08.124029Z INFO  utilrsw.logger   p = 0.6307 (two-tailed)
2026-01-20T15:33:08.124029Z INFO  utilrsw.logger   Do not reject null with alpha = 0.05
2026-01-20T15:33:08.132059Z INFO  utilrsw.logger Running Fisher-z hyp. test on equality of rs for models:
2026-01-20T15:33:08.132059Z INFO  utilrsw.logger   r = 0.69; AIC = 238.90413703386974; inputs = ['interpolated_beta'] 
2026-01-20T15:33:08.134956Z INFO  utilrsw.logger   vs
2026-01-20T15:33:08.134956Z INFO  utilrsw.logger   r = 0.75; AIC = 235.1837803454335; inputs = ['interpolated_beta, alpha*interpolated_beta'] 
2026-01-20T15:33:08.134956Z INFO  utilrsw.logger   z = -0.4940
2026-01-20T15:33:08.134956Z INFO  utilrsw.logger   p = 0.6213 (two-tailed)
2026-01-20T15:33:08.134956Z INFO  utilrsw.logger   Do not reject null with alpha = 0.05
2026-01-20T15:33:08.140259Z INFO  utilrsw.logger Running Fisher-z hyp. test on equality of rs for models:
2026-01-20T15:33:08.140259Z INFO  utilrsw.logger   r = 0.69; AIC = 238.90413703386974; inputs = ['interpolated_beta'] 
2026-01-20T15:33:08.140259Z INFO  utilrsw.logger   vs
2026-01-20T15:33:08.140259Z INFO  utilrsw.logger   r = 0.75; AIC = 236.98812386451866; inputs = ['alpha, interpolated_beta, alpha*interpolated_beta'] 
2026-01-20T15:33:08.140259Z INFO  utilrsw.logger   z = -0.5101
2026-01-20T15:33:08.140259Z INFO  utilrsw.logger   p = 0.6100 (two-tailed)
2026-01-20T15:33:08.140259Z INFO  utilrsw.logger   Do not reject null with alpha = 0.05
2026-01-20T15:33:08.140259Z INFO  utilrsw.logger Running Fisher-z hyp. test on equality of rs for models:
2026-01-20T15:33:08.140259Z INFO  utilrsw.logger   r = 0.75; AIC = 233.34500715117005; inputs = ['alpha*interpolated_beta'] 
2026-01-20T15:33:08.140259Z INFO  utilrsw.logger   vs
2026-01-20T15:33:08.140259Z INFO  utilrsw.logger   r = 0.74; AIC = 236.34213358872515; inputs = ['alpha, interpolated_beta'] 
2026-01-20T15:33:08.140259Z INFO  utilrsw.logger   z = 0.0832
2026-01-20T15:33:08.140259Z INFO  utilrsw.logger   p = 0.9337 (two-tailed)
2026-01-20T15:33:08.140259Z INFO  utilrsw.logger   Do not reject null with alpha = 0.05
2026-01-20T15:33:08.147800Z INFO  utilrsw.logger Running Fisher-z hyp. test on equality of rs for models:
2026-01-20T15:33:08.150587Z INFO  utilrsw.logger   r = 0.75; AIC = 233.34500715117005; inputs = ['alpha*interpolated_beta'] 
2026-01-20T15:33:08.150587Z INFO  utilrsw.logger   vs
2026-01-20T15:33:08.151313Z INFO  utilrsw.logger   r = 0.75; AIC = 235.3433226145722; inputs = ['alpha, alpha*interpolated_beta'] 
2026-01-20T15:33:08.151313Z INFO  utilrsw.logger   z = -0.0001
2026-01-20T15:33:08.151313Z INFO  utilrsw.logger   p = 0.9999 (two-tailed)
2026-01-20T15:33:08.151313Z INFO  utilrsw.logger   Do not reject null with alpha = 0.05
2026-01-20T15:33:08.154656Z INFO  utilrsw.logger Running Fisher-z hyp. test on equality of rs for models:
2026-01-20T15:33:08.154656Z INFO  utilrsw.logger   r = 0.75; AIC = 233.34500715117005; inputs = ['alpha*interpolated_beta'] 
2026-01-20T15:33:08.154656Z INFO  utilrsw.logger   vs
2026-01-20T15:33:08.156168Z INFO  utilrsw.logger   r = 0.75; AIC = 235.1837803454335; inputs = ['interpolated_beta, alpha*interpolated_beta'] 
2026-01-20T15:33:08.156168Z INFO  utilrsw.logger   z = -0.0133
2026-01-20T15:33:08.156168Z INFO  utilrsw.logger   p = 0.9894 (two-tailed)
2026-01-20T15:33:08.156168Z INFO  utilrsw.logger   Do not reject null with alpha = 0.05
2026-01-20T15:33:08.159164Z INFO  utilrsw.logger Running Fisher-z hyp. test on equality of rs for models:
2026-01-20T15:33:08.159164Z INFO  utilrsw.logger   r = 0.75; AIC = 233.34500715117005; inputs = ['alpha*interpolated_beta'] 
2026-01-20T15:33:08.159164Z INFO  utilrsw.logger   vs
2026-01-20T15:33:08.159164Z INFO  utilrsw.logger   r = 0.75; AIC = 236.98812386451866; inputs = ['alpha, interpolated_beta, alpha*interpolated_beta'] 
2026-01-20T15:33:08.159164Z INFO  utilrsw.logger   z = -0.0295
2026-01-20T15:33:08.159164Z INFO  utilrsw.logger   p = 0.9765 (two-tailed)
2026-01-20T15:33:08.159164Z INFO  utilrsw.logger   Do not reject null with alpha = 0.05
2026-01-20T15:33:08.159164Z INFO  utilrsw.logger Running Fisher-z hyp. test on equality of rs for models:
2026-01-20T15:33:08.159164Z INFO  utilrsw.logger   r = 0.74; AIC = 236.34213358872515; inputs = ['alpha, interpolated_beta'] 
2026-01-20T15:33:08.164318Z INFO  utilrsw.logger   vs
2026-01-20T15:33:08.164318Z INFO  utilrsw.logger   r = 0.75; AIC = 235.3433226145722; inputs = ['alpha, alpha*interpolated_beta'] 
2026-01-20T15:33:08.164318Z INFO  utilrsw.logger   z = -0.0833
2026-01-20T15:33:08.166197Z INFO  utilrsw.logger   p = 0.9336 (two-tailed)
2026-01-20T15:33:08.166197Z INFO  utilrsw.logger   Do not reject null with alpha = 0.05
2026-01-20T15:33:08.169173Z INFO  utilrsw.logger Running Fisher-z hyp. test on equality of rs for models:
2026-01-20T15:33:08.169173Z INFO  utilrsw.logger   r = 0.74; AIC = 236.34213358872515; inputs = ['alpha, interpolated_beta'] 
2026-01-20T15:33:08.169173Z INFO  utilrsw.logger   vs
2026-01-20T15:33:08.169173Z INFO  utilrsw.logger   r = 0.75; AIC = 235.1837803454335; inputs = ['interpolated_beta, alpha*interpolated_beta'] 
2026-01-20T15:33:08.169173Z INFO  utilrsw.logger   z = -0.0965
2026-01-20T15:33:08.169173Z INFO  utilrsw.logger   p = 0.9231 (two-tailed)
2026-01-20T15:33:08.169173Z INFO  utilrsw.logger   Do not reject null with alpha = 0.05
2026-01-20T15:33:08.174096Z INFO  utilrsw.logger Running Fisher-z hyp. test on equality of rs for models:
2026-01-20T15:33:08.174096Z INFO  utilrsw.logger   r = 0.74; AIC = 236.34213358872515; inputs = ['alpha, interpolated_beta'] 
2026-01-20T15:33:08.174096Z INFO  utilrsw.logger   vs
2026-01-20T15:33:08.174096Z INFO  utilrsw.logger   r = 0.75; AIC = 236.98812386451866; inputs = ['alpha, interpolated_beta, alpha*interpolated_beta'] 
2026-01-20T15:33:08.174096Z INFO  utilrsw.logger   z = -0.1127
2026-01-20T15:33:08.174096Z INFO  utilrsw.logger   p = 0.9103 (two-tailed)
2026-01-20T15:33:08.174096Z INFO  utilrsw.logger   Do not reject null with alpha = 0.05
2026-01-20T15:33:08.174096Z INFO  utilrsw.logger Running Fisher-z hyp. test on equality of rs for models:
2026-01-20T15:33:08.174096Z INFO  utilrsw.logger   r = 0.75; AIC = 235.3433226145722; inputs = ['alpha, alpha*interpolated_beta'] 
2026-01-20T15:33:08.174096Z INFO  utilrsw.logger   vs
2026-01-20T15:33:08.174096Z INFO  utilrsw.logger   r = 0.75; AIC = 235.1837803454335; inputs = ['interpolated_beta, alpha*interpolated_beta'] 
2026-01-20T15:33:08.174096Z INFO  utilrsw.logger   z = -0.0132
2026-01-20T15:33:08.174096Z INFO  utilrsw.logger   p = 0.9895 (two-tailed)
2026-01-20T15:33:08.174096Z INFO  utilrsw.logger   Do not reject null with alpha = 0.05
2026-01-20T15:33:08.181145Z INFO  utilrsw.logger Running Fisher-z hyp. test on equality of rs for models:
2026-01-20T15:33:08.181145Z INFO  utilrsw.logger   r = 0.75; AIC = 235.3433226145722; inputs = ['alpha, alpha*interpolated_beta'] 
2026-01-20T15:33:08.181145Z INFO  utilrsw.logger   vs
2026-01-20T15:33:08.183686Z INFO  utilrsw.logger   r = 0.75; AIC = 236.98812386451866; inputs = ['alpha, interpolated_beta, alpha*interpolated_beta'] 
2026-01-20T15:33:08.184580Z INFO  utilrsw.logger   z = -0.0294
2026-01-20T15:33:08.185637Z INFO  utilrsw.logger   p = 0.9766 (two-tailed)
2026-01-20T15:33:08.186223Z INFO  utilrsw.logger   Do not reject null with alpha = 0.05
2026-01-20T15:33:08.186223Z INFO  utilrsw.logger Running Fisher-z hyp. test on equality of rs for models:
2026-01-20T15:33:08.186223Z INFO  utilrsw.logger   r = 0.75; AIC = 235.1837803454335; inputs = ['interpolated_beta, alpha*interpolated_beta'] 
2026-01-20T15:33:08.186223Z INFO  utilrsw.logger   vs
2026-01-20T15:33:08.189292Z INFO  utilrsw.logger   r = 0.75; AIC = 236.98812386451866; inputs = ['alpha, interpolated_beta, alpha*interpolated_beta'] 
2026-01-20T15:33:08.189292Z INFO  utilrsw.logger   z = -0.0162
2026-01-20T15:33:08.189292Z INFO  utilrsw.logger   p = 0.9871 (two-tailed)
2026-01-20T15:33:08.189292Z INFO  utilrsw.logger   Do not reject null with alpha = 0.05
2026-01-20T15:33:08.189292Z INFO  utilrsw.logger Writing C:\Users\lwilker\Documents\GitHub\SWERVE-2024-05-10\_results\regression\fit_table_gic_max_automated_error_automated_error.md
2026-01-20T15:33:08.330004Z INFO  utilrsw.logger Writing C:\Users\lwilker\Documents\GitHub\SWERVE-2024-05-10\_results\regression\fit_table_gic_max_automated_error_automated_error.tex
2026-01-20T15:33:08.779319Z INFO  utilrsw.logger Saving all events fit plot to results dir: C:\Users\lwilker\Documents\GitHub\SWERVE-2024-05-10\_results\regression
2026-01-20T15:33:08.779319Z INFO  utilrsw.logger Writing C:\Users\lwilker\Documents\GitHub\SWERVE-2024-05-10\_results\regression\all_events_fit_alpha_beta_gic_max_automated_error.png
2026-01-20T15:33:10.465870Z INFO  utilrsw.logger Writing C:\Users\lwilker\Documents\GitHub\SWERVE-2024-05-10\_results\regression\all_events_fit_alpha_beta_gic_max_automated_error.pdf
2026-01-20T15:33:11.327814Z INFO  utilrsw.logger Writing C:\Users\lwilker\Documents\GitHub\SWERVE-2024-05-10\_results\regression\all_events_slope_vs_dst_gic_max_automated_error.png
2026-01-20T15:33:12.439069Z INFO  utilrsw.logger Writing C:\Users\lwilker\Documents\GitHub\SWERVE-2024-05-10\_results\regression\all_events_slope_vs_dst_gic_max_automated_error.pdf
2026-01-20T15:33:13.407824Z INFO  utilrsw.logger Writing C:\Users\lwilker\Documents\GitHub\SWERVE-2024-05-10\_results\regression\all_events_slope_vs_params_gic_max_automated_error.png
2026-01-20T15:33:17.312646Z INFO  utilrsw.logger Writing C:\Users\lwilker\Documents\GitHub\SWERVE-2024-05-10\_results\regression\all_events_slope_vs_params_gic_max_automated_error.pdf
2026-01-20T15:33:18.008374Z INFO  utilrsw.logger Writing C:\Users\lwilker\Documents\GitHub\SWERVE-2024-05-10\_results\regression\all_events_semilog_slope_vs_params_gic_max_automated_error.png
2026-01-20T15:33:22.204820Z INFO  utilrsw.logger Writing C:\Users\lwilker\Documents\GitHub\SWERVE-2024-05-10\_results\regression\all_events_semilog_slope_vs_params_gic_max_automated_error.pdf
2026-01-20T15:33:23.309753Z INFO  utilrsw.logger Writing C:\Users\lwilker\Documents\GitHub\SWERVE-2024-05-10\_results\regression\all_events_log_slope_vs_params_gic_max_automated_error.png
2026-01-20T15:33:26.935623Z INFO  utilrsw.logger Writing C:\Users\lwilker\Documents\GitHub\SWERVE-2024-05-10\_results\regression\all_events_log_slope_vs_params_gic_max_automated_error.pdf
